FAIL test/unit/transactions/transactions.controller.spec.ts (5.88 s)
  TransactionsController
    ├ù should be defined (12 ms)
    createQr
      ├ù should call service.createDynamicQr (4 ms)
    createVerificationQr
      ├ù should call service.createVerificationQr (2 ms)
    handleCallback
      ├ù should call service.handleCallback (2 ms)
    getAllPaymentHistory
      ├ù should call service.getAllPaymentHistory with correct filters for Admin (3 ms)
    getTransactionDetail
      ├ù should call service.getTransactionDetail (2 ms)

  ΓùÅ TransactionsController ΓÇ║ should be defined

    Nest can't resolve dependencies of the SeepayAuthGuard (?). Please make sure that the argument ConfigService at index [0] is available in the RootTestModule context.

    Potential solutions:
    - Is RootTestModule a valid NestJS module?
    - If ConfigService is a provider, is it part of the current RootTestModule?
    - If ConfigService is exported from a separate @Module, is that module imported within RootTestModule?
      @Module({
        imports: [ /* the Module containing ConfigService */ ]
      })

      21 |         };
      22 |
    > 23 |         const module: TestingModule = await Test.createTestingModule({
         |                                       ^
      24 |             controllers: [TransactionsController],
      25 |             providers: [
      26 |                 {

      at TestingInjector.lookupComponentInParentModules (node_modules/.pnpm/@nestjs+core@11.1.6_@nestjs_9ca0090fe69c6094b9d63c3ae2dd7a21/node_modules/@nestjs/core/injector/injector.js:286:19)
      at TestingInjector.resolveComponentWrapper (node_modules/.pnpm/@nestjs+testing@11.1.6_@nes_fb798cb87cb323eaf4541834748d2989/node_modules/@nestjs/testing/testing-injector.js:19:45)
      at resolveParam (node_modules/.pnpm/@nestjs+core@11.1.6_@nestjs_9ca0090fe69c6094b9d63c3ae2dd7a21/node_modules/@nestjs/core/injector/injector.js:141:38)
          at async Promise.all (index 0)
      at TestingInjector.resolveConstructorParams (node_modules/.pnpm/@nestjs+core@11.1.6_@nestjs_9ca0090fe69c6094b9d63c3ae2dd7a21/node_modules/@nestjs/core/injector/injector.js:169:27)
      at TestingInjector.loadInstance (node_modules/.pnpm/@nestjs+core@11.1.6_@nestjs_9ca0090fe69c6094b9d63c3ae2dd7a21/node_modules/@nestjs/core/injector/injector.js:75:13)
      at TestingInjector.loadInjectable (node_modules/.pnpm/@nestjs+core@11.1.6_@nestjs_9ca0090fe69c6094b9d63c3ae2dd7a21/node_modules/@nestjs/core/injector/injector.js:99:9)
      at node_modules/.pnpm/@nestjs+core@11.1.6_@nestjs_9ca0090fe69c6094b9d63c3ae2dd7a21/node_modules/@nestjs/core/injector/instance-loader.js:80:13
          at async Promise.all (index 2)
      at TestingInstanceLoader.createInstancesOfInjectables (node_modules/.pnpm/@nestjs+core@11.1.6_@nestjs_9ca0090fe69c6094b9d63c3ae2dd7a21/node_modules/@nestjs/core/injector/instance-loader.js:79:9)
      at node_modules/.pnpm/@nestjs+core@11.1.6_@nestjs_9ca0090fe69c6094b9d63c3ae2dd7a21/node_modules/@nestjs/core/injector/instance-loader.js:41:13
          at async Promise.all (index 1)
      at TestingInstanceLoader.createInstances (node_modules/.pnpm/@nestjs+core@11.1.6_@nestjs_9ca0090fe69c6094b9d63c3ae2dd7a21/node_modules/@nestjs/core/injector/instance-loader.js:39:9)
      at TestingInstanceLoader.createInstancesOfDependencies (node_modules/.pnpm/@nestjs+core@11.1.6_@nestjs_9ca0090fe69c6094b9d63c3ae2dd7a21/node_modules/@nestjs/core/injector/instance-loader.js:22:13)
      at TestingInstanceLoader.createInstancesOfDependencies (node_modules/.pnpm/@nestjs+testing@11.1.6_@nes_fb798cb87cb323eaf4541834748d2989/node_modules/@nestjs/testing/testing-instance-loader.js:9:9)
      at TestingModuleBuilder.createInstancesOfDependencies (node_modules/.pnpm/@nestjs+testing@11.1.6_@nes_fb798cb87cb323eaf4541834748d2989/node_modules/@nestjs/testing/testing-module.builder.js:118:9)
      at TestingModuleBuilder.compile (node_modules/.pnpm/@nestjs+testing@11.1.6_@nes_fb798cb87cb323eaf4541834748d2989/node_modules/@nestjs/testing/testing-module.builder.js:74:9)
      at Object.<anonymous> (test/unit/transactions/transactions.controller.spec.ts:23:39)

  ΓùÅ TransactionsController ΓÇ║ createQr ΓÇ║ should call service.createDynamicQr

    Nest can't resolve dependencies of the SeepayAuthGuard (?). Please make sure that the argument ConfigService at index [0] is available in the RootTestModule context.

    Potential solutions:
    - Is RootTestModule a valid NestJS module?
    - If ConfigService is a provider, is it part of the current RootTestModule?
    - If ConfigService is exported from a separate @Module, is that module imported within RootTestModule?
      @Module({
        imports: [ /* the Module containing ConfigService */ ]
      })

      21 |         };
      22 |
    > 23 |         const module: TestingModule = await Test.createTestingModule({
         |                                       ^
      24 |             controllers: [TransactionsController],
      25 |             providers: [
      26 |                 {

      at TestingInjector.lookupComponentInParentModules (node_modules/.pnpm/@nestjs+core@11.1.6_@nestjs_9ca0090fe69c6094b9d63c3ae2dd7a21/node_modules/@nestjs/core/injector/injector.js:286:19)
      at TestingInjector.resolveComponentWrapper (node_modules/.pnpm/@nestjs+testing@11.1.6_@nes_fb798cb87cb323eaf4541834748d2989/node_modules/@nestjs/testing/testing-injector.js:19:45)
      at resolveParam (node_modules/.pnpm/@nestjs+core@11.1.6_@nestjs_9ca0090fe69c6094b9d63c3ae2dd7a21/node_modules/@nestjs/core/injector/injector.js:141:38)
          at async Promise.all (index 0)
      at TestingInjector.resolveConstructorParams (node_modules/.pnpm/@nestjs+core@11.1.6_@nestjs_9ca0090fe69c6094b9d63c3ae2dd7a21/node_modules/@nestjs/core/injector/injector.js:169:27)
      at TestingInjector.loadInstance (node_modules/.pnpm/@nestjs+core@11.1.6_@nestjs_9ca0090fe69c6094b9d63c3ae2dd7a21/node_modules/@nestjs/core/injector/injector.js:75:13)
      at TestingInjector.loadInjectable (node_modules/.pnpm/@nestjs+core@11.1.6_@nestjs_9ca0090fe69c6094b9d63c3ae2dd7a21/node_modules/@nestjs/core/injector/injector.js:99:9)
      at node_modules/.pnpm/@nestjs+core@11.1.6_@nestjs_9ca0090fe69c6094b9d63c3ae2dd7a21/node_modules/@nestjs/core/injector/instance-loader.js:80:13
          at async Promise.all (index 2)
      at TestingInstanceLoader.createInstancesOfInjectables (node_modules/.pnpm/@nestjs+core@11.1.6_@nestjs_9ca0090fe69c6094b9d63c3ae2dd7a21/node_modules/@nestjs/core/injector/instance-loader.js:79:9)
      at node_modules/.pnpm/@nestjs+core@11.1.6_@nestjs_9ca0090fe69c6094b9d63c3ae2dd7a21/node_modules/@nestjs/core/injector/instance-loader.js:41:13
          at async Promise.all (index 1)
      at TestingInstanceLoader.createInstances (node_modules/.pnpm/@nestjs+core@11.1.6_@nestjs_9ca0090fe69c6094b9d63c3ae2dd7a21/node_modules/@nestjs/core/injector/instance-loader.js:39:9)
      at TestingInstanceLoader.createInstancesOfDependencies (node_modules/.pnpm/@nestjs+core@11.1.6_@nestjs_9ca0090fe69c6094b9d63c3ae2dd7a21/node_modules/@nestjs/core/injector/instance-loader.js:22:13)
      at TestingInstanceLoader.createInstancesOfDependencies (node_modules/.pnpm/@nestjs+testing@11.1.6_@nes_fb798cb87cb323eaf4541834748d2989/node_modules/@nestjs/testing/testing-instance-loader.js:9:9)
      at TestingModuleBuilder.createInstancesOfDependencies (node_modules/.pnpm/@nestjs+testing@11.1.6_@nes_fb798cb87cb323eaf4541834748d2989/node_modules/@nestjs/testing/testing-module.builder.js:118:9)
      at TestingModuleBuilder.compile (node_modules/.pnpm/@nestjs+testing@11.1.6_@nes_fb798cb87cb323eaf4541834748d2989/node_modules/@nestjs/testing/testing-module.builder.js:74:9)
      at Object.<anonymous> (test/unit/transactions/transactions.controller.spec.ts:23:39)

  ΓùÅ TransactionsController ΓÇ║ createVerificationQr ΓÇ║ should call service.createVerificationQr

    Nest can't resolve dependencies of the SeepayAuthGuard (?). Please make sure that the argument ConfigService at index [0] is available in the RootTestModule context.

    Potential solutions:
    - Is RootTestModule a valid NestJS module?
    - If ConfigService is a provider, is it part of the current RootTestModule?
    - If ConfigService is exported from a separate @Module, is that module imported within RootTestModule?
      @Module({
        imports: [ /* the Module containing ConfigService */ ]
      })

      21 |         };
      22 |
    > 23 |         const module: TestingModule = await Test.createTestingModule({
         |                                       ^
      24 |             controllers: [TransactionsController],
      25 |             providers: [
      26 |                 {

      at TestingInjector.lookupComponentInParentModules (node_modules/.pnpm/@nestjs+core@11.1.6_@nestjs_9ca0090fe69c6094b9d63c3ae2dd7a21/node_modules/@nestjs/core/injector/injector.js:286:19)
      at TestingInjector.resolveComponentWrapper (node_modules/.pnpm/@nestjs+testing@11.1.6_@nes_fb798cb87cb323eaf4541834748d2989/node_modules/@nestjs/testing/testing-injector.js:19:45)
      at resolveParam (node_modules/.pnpm/@nestjs+core@11.1.6_@nestjs_9ca0090fe69c6094b9d63c3ae2dd7a21/node_modules/@nestjs/core/injector/injector.js:141:38)
          at async Promise.all (index 0)
      at TestingInjector.resolveConstructorParams (node_modules/.pnpm/@nestjs+core@11.1.6_@nestjs_9ca0090fe69c6094b9d63c3ae2dd7a21/node_modules/@nestjs/core/injector/injector.js:169:27)
      at TestingInjector.loadInstance (node_modules/.pnpm/@nestjs+core@11.1.6_@nestjs_9ca0090fe69c6094b9d63c3ae2dd7a21/node_modules/@nestjs/core/injector/injector.js:75:13)
      at TestingInjector.loadInjectable (node_modules/.pnpm/@nestjs+core@11.1.6_@nestjs_9ca0090fe69c6094b9d63c3ae2dd7a21/node_modules/@nestjs/core/injector/injector.js:99:9)
      at node_modules/.pnpm/@nestjs+core@11.1.6_@nestjs_9ca0090fe69c6094b9d63c3ae2dd7a21/node_modules/@nestjs/core/injector/instance-loader.js:80:13
          at async Promise.all (index 2)
      at TestingInstanceLoader.createInstancesOfInjectables (node_modules/.pnpm/@nestjs+core@11.1.6_@nestjs_9ca0090fe69c6094b9d63c3ae2dd7a21/node_modules/@nestjs/core/injector/instance-loader.js:79:9)
      at node_modules/.pnpm/@nestjs+core@11.1.6_@nestjs_9ca0090fe69c6094b9d63c3ae2dd7a21/node_modules/@nestjs/core/injector/instance-loader.js:41:13
          at async Promise.all (index 1)
      at TestingInstanceLoader.createInstances (node_modules/.pnpm/@nestjs+core@11.1.6_@nestjs_9ca0090fe69c6094b9d63c3ae2dd7a21/node_modules/@nestjs/core/injector/instance-loader.js:39:9)
      at TestingInstanceLoader.createInstancesOfDependencies (node_modules/.pnpm/@nestjs+core@11.1.6_@nestjs_9ca0090fe69c6094b9d63c3ae2dd7a21/node_modules/@nestjs/core/injector/instance-loader.js:22:13)
      at TestingInstanceLoader.createInstancesOfDependencies (node_modules/.pnpm/@nestjs+testing@11.1.6_@nes_fb798cb87cb323eaf4541834748d2989/node_modules/@nestjs/testing/testing-instance-loader.js:9:9)
      at TestingModuleBuilder.createInstancesOfDependencies (node_modules/.pnpm/@nestjs+testing@11.1.6_@nes_fb798cb87cb323eaf4541834748d2989/node_modules/@nestjs/testing/testing-module.builder.js:118:9)
      at TestingModuleBuilder.compile (node_modules/.pnpm/@nestjs+testing@11.1.6_@nes_fb798cb87cb323eaf4541834748d2989/node_modules/@nestjs/testing/testing-module.builder.js:74:9)
      at Object.<anonymous> (test/unit/transactions/transactions.controller.spec.ts:23:39)

  ΓùÅ TransactionsController ΓÇ║ handleCallback ΓÇ║ should call service.handleCallback

    Nest can't resolve dependencies of the SeepayAuthGuard (?). Please make sure that the argument ConfigService at index [0] is available in the RootTestModule context.

    Potential solutions:
    - Is RootTestModule a valid NestJS module?
    - If ConfigService is a provider, is it part of the current RootTestModule?
    - If ConfigService is exported from a separate @Module, is that module imported within RootTestModule?
      @Module({
        imports: [ /* the Module containing ConfigService */ ]
      })

      21 |         };
      22 |
    > 23 |         const module: TestingModule = await Test.createTestingModule({
         |                                       ^
      24 |             controllers: [TransactionsController],
      25 |             providers: [
      26 |                 {

      at TestingInjector.lookupComponentInParentModules (node_modules/.pnpm/@nestjs+core@11.1.6_@nestjs_9ca0090fe69c6094b9d63c3ae2dd7a21/node_modules/@nestjs/core/injector/injector.js:286:19)
      at TestingInjector.resolveComponentWrapper (node_modules/.pnpm/@nestjs+testing@11.1.6_@nes_fb798cb87cb323eaf4541834748d2989/node_modules/@nestjs/testing/testing-injector.js:19:45)
      at resolveParam (node_modules/.pnpm/@nestjs+core@11.1.6_@nestjs_9ca0090fe69c6094b9d63c3ae2dd7a21/node_modules/@nestjs/core/injector/injector.js:141:38)
          at async Promise.all (index 0)
      at TestingInjector.resolveConstructorParams (node_modules/.pnpm/@nestjs+core@11.1.6_@nestjs_9ca0090fe69c6094b9d63c3ae2dd7a21/node_modules/@nestjs/core/injector/injector.js:169:27)
      at TestingInjector.loadInstance (node_modules/.pnpm/@nestjs+core@11.1.6_@nestjs_9ca0090fe69c6094b9d63c3ae2dd7a21/node_modules/@nestjs/core/injector/injector.js:75:13)
      at TestingInjector.loadInjectable (node_modules/.pnpm/@nestjs+core@11.1.6_@nestjs_9ca0090fe69c6094b9d63c3ae2dd7a21/node_modules/@nestjs/core/injector/injector.js:99:9)
      at node_modules/.pnpm/@nestjs+core@11.1.6_@nestjs_9ca0090fe69c6094b9d63c3ae2dd7a21/node_modules/@nestjs/core/injector/instance-loader.js:80:13
          at async Promise.all (index 2)
      at TestingInstanceLoader.createInstancesOfInjectables (node_modules/.pnpm/@nestjs+core@11.1.6_@nestjs_9ca0090fe69c6094b9d63c3ae2dd7a21/node_modules/@nestjs/core/injector/instance-loader.js:79:9)
      at node_modules/.pnpm/@nestjs+core@11.1.6_@nestjs_9ca0090fe69c6094b9d63c3ae2dd7a21/node_modules/@nestjs/core/injector/instance-loader.js:41:13
          at async Promise.all (index 1)
      at TestingInstanceLoader.createInstances (node_modules/.pnpm/@nestjs+core@11.1.6_@nestjs_9ca0090fe69c6094b9d63c3ae2dd7a21/node_modules/@nestjs/core/injector/instance-loader.js:39:9)
      at TestingInstanceLoader.createInstancesOfDependencies (node_modules/.pnpm/@nestjs+core@11.1.6_@nestjs_9ca0090fe69c6094b9d63c3ae2dd7a21/node_modules/@nestjs/core/injector/instance-loader.js:22:13)
      at TestingInstanceLoader.createInstancesOfDependencies (node_modules/.pnpm/@nestjs+testing@11.1.6_@nes_fb798cb87cb323eaf4541834748d2989/node_modules/@nestjs/testing/testing-instance-loader.js:9:9)
      at TestingModuleBuilder.createInstancesOfDependencies (node_modules/.pnpm/@nestjs+testing@11.1.6_@nes_fb798cb87cb323eaf4541834748d2989/node_modules/@nestjs/testing/testing-module.builder.js:118:9)
      at TestingModuleBuilder.compile (node_modules/.pnpm/@nestjs+testing@11.1.6_@nes_fb798cb87cb323eaf4541834748d2989/node_modules/@nestjs/testing/testing-module.builder.js:74:9)
      at Object.<anonymous> (test/unit/transactions/transactions.controller.spec.ts:23:39)

  ΓùÅ TransactionsController ΓÇ║ getAllPaymentHistory ΓÇ║ should call service.getAllPaymentHistory with correct filters for Admin

    Nest can't resolve dependencies of the SeepayAuthGuard (?). Please make sure that the argument ConfigService at index [0] is available in the RootTestModule context.

    Potential solutions:
    - Is RootTestModule a valid NestJS module?
    - If ConfigService is a provider, is it part of the current RootTestModule?
    - If ConfigService is exported from a separate @Module, is that module imported within RootTestModule?
      @Module({
        imports: [ /* the Module containing ConfigService */ ]
      })

      21 |         };
      22 |
    > 23 |         const module: TestingModule = await Test.createTestingModule({
         |                                       ^
      24 |             controllers: [TransactionsController],
      25 |             providers: [
      26 |                 {

      at TestingInjector.lookupComponentInParentModules (node_modules/.pnpm/@nestjs+core@11.1.6_@nestjs_9ca0090fe69c6094b9d63c3ae2dd7a21/node_modules/@nestjs/core/injector/injector.js:286:19)
      at TestingInjector.resolveComponentWrapper (node_modules/.pnpm/@nestjs+testing@11.1.6_@nes_fb798cb87cb323eaf4541834748d2989/node_modules/@nestjs/testing/testing-injector.js:19:45)
      at resolveParam (node_modules/.pnpm/@nestjs+core@11.1.6_@nestjs_9ca0090fe69c6094b9d63c3ae2dd7a21/node_modules/@nestjs/core/injector/injector.js:141:38)
          at async Promise.all (index 0)
      at TestingInjector.resolveConstructorParams (node_modules/.pnpm/@nestjs+core@11.1.6_@nestjs_9ca0090fe69c6094b9d63c3ae2dd7a21/node_modules/@nestjs/core/injector/injector.js:169:27)
      at TestingInjector.loadInstance (node_modules/.pnpm/@nestjs+core@11.1.6_@nestjs_9ca0090fe69c6094b9d63c3ae2dd7a21/node_modules/@nestjs/core/injector/injector.js:75:13)
      at TestingInjector.loadInjectable (node_modules/.pnpm/@nestjs+core@11.1.6_@nestjs_9ca0090fe69c6094b9d63c3ae2dd7a21/node_modules/@nestjs/core/injector/injector.js:99:9)
      at node_modules/.pnpm/@nestjs+core@11.1.6_@nestjs_9ca0090fe69c6094b9d63c3ae2dd7a21/node_modules/@nestjs/core/injector/instance-loader.js:80:13
          at async Promise.all (index 2)
      at TestingInstanceLoader.createInstancesOfInjectables (node_modules/.pnpm/@nestjs+core@11.1.6_@nestjs_9ca0090fe69c6094b9d63c3ae2dd7a21/node_modules/@nestjs/core/injector/instance-loader.js:79:9)
      at node_modules/.pnpm/@nestjs+core@11.1.6_@nestjs_9ca0090fe69c6094b9d63c3ae2dd7a21/node_modules/@nestjs/core/injector/instance-loader.js:41:13
          at async Promise.all (index 1)
      at TestingInstanceLoader.createInstances (node_modules/.pnpm/@nestjs+core@11.1.6_@nestjs_9ca0090fe69c6094b9d63c3ae2dd7a21/node_modules/@nestjs/core/injector/instance-loader.js:39:9)
      at TestingInstanceLoader.createInstancesOfDependencies (node_modules/.pnpm/@nestjs+core@11.1.6_@nestjs_9ca0090fe69c6094b9d63c3ae2dd7a21/node_modules/@nestjs/core/injector/instance-loader.js:22:13)
      at TestingInstanceLoader.createInstancesOfDependencies (node_modules/.pnpm/@nestjs+testing@11.1.6_@nes_fb798cb87cb323eaf4541834748d2989/node_modules/@nestjs/testing/testing-instance-loader.js:9:9)
      at TestingModuleBuilder.createInstancesOfDependencies (node_modules/.pnpm/@nestjs+testing@11.1.6_@nes_fb798cb87cb323eaf4541834748d2989/node_modules/@nestjs/testing/testing-module.builder.js:118:9)
      at TestingModuleBuilder.compile (node_modules/.pnpm/@nestjs+testing@11.1.6_@nes_fb798cb87cb323eaf4541834748d2989/node_modules/@nestjs/testing/testing-module.builder.js:74:9)
      at Object.<anonymous> (test/unit/transactions/transactions.controller.spec.ts:23:39)

  ΓùÅ TransactionsController ΓÇ║ getTransactionDetail ΓÇ║ should call service.getTransactionDetail

    Nest can't resolve dependencies of the SeepayAuthGuard (?). Please make sure that the argument ConfigService at index [0] is available in the RootTestModule context.

    Potential solutions:
    - Is RootTestModule a valid NestJS module?
    - If ConfigService is a provider, is it part of the current RootTestModule?
    - If ConfigService is exported from a separate @Module, is that module imported within RootTestModule?
      @Module({
        imports: [ /* the Module containing ConfigService */ ]
      })

      21 |         };
      22 |
    > 23 |         const module: TestingModule = await Test.createTestingModule({
         |                                       ^
      24 |             controllers: [TransactionsController],
      25 |             providers: [
      26 |                 {

      at TestingInjector.lookupComponentInParentModules (node_modules/.pnpm/@nestjs+core@11.1.6_@nestjs_9ca0090fe69c6094b9d63c3ae2dd7a21/node_modules/@nestjs/core/injector/injector.js:286:19)
      at TestingInjector.resolveComponentWrapper (node_modules/.pnpm/@nestjs+testing@11.1.6_@nes_fb798cb87cb323eaf4541834748d2989/node_modules/@nestjs/testing/testing-injector.js:19:45)
      at resolveParam (node_modules/.pnpm/@nestjs+core@11.1.6_@nestjs_9ca0090fe69c6094b9d63c3ae2dd7a21/node_modules/@nestjs/core/injector/injector.js:141:38)
          at async Promise.all (index 0)
      at TestingInjector.resolveConstructorParams (node_modules/.pnpm/@nestjs+core@11.1.6_@nestjs_9ca0090fe69c6094b9d63c3ae2dd7a21/node_modules/@nestjs/core/injector/injector.js:169:27)
      at TestingInjector.loadInstance (node_modules/.pnpm/@nestjs+core@11.1.6_@nestjs_9ca0090fe69c6094b9d63c3ae2dd7a21/node_modules/@nestjs/core/injector/injector.js:75:13)
      at TestingInjector.loadInjectable (node_modules/.pnpm/@nestjs+core@11.1.6_@nestjs_9ca0090fe69c6094b9d63c3ae2dd7a21/node_modules/@nestjs/core/injector/injector.js:99:9)
      at node_modules/.pnpm/@nestjs+core@11.1.6_@nestjs_9ca0090fe69c6094b9d63c3ae2dd7a21/node_modules/@nestjs/core/injector/instance-loader.js:80:13
          at async Promise.all (index 2)
      at TestingInstanceLoader.createInstancesOfInjectables (node_modules/.pnpm/@nestjs+core@11.1.6_@nestjs_9ca0090fe69c6094b9d63c3ae2dd7a21/node_modules/@nestjs/core/injector/instance-loader.js:79:9)
      at node_modules/.pnpm/@nestjs+core@11.1.6_@nestjs_9ca0090fe69c6094b9d63c3ae2dd7a21/node_modules/@nestjs/core/injector/instance-loader.js:41:13
          at async Promise.all (index 1)
      at TestingInstanceLoader.createInstances (node_modules/.pnpm/@nestjs+core@11.1.6_@nestjs_9ca0090fe69c6094b9d63c3ae2dd7a21/node_modules/@nestjs/core/injector/instance-loader.js:39:9)
      at TestingInstanceLoader.createInstancesOfDependencies (node_modules/.pnpm/@nestjs+core@11.1.6_@nestjs_9ca0090fe69c6094b9d63c3ae2dd7a21/node_modules/@nestjs/core/injector/instance-loader.js:22:13)
      at TestingInstanceLoader.createInstancesOfDependencies (node_modules/.pnpm/@nestjs+testing@11.1.6_@nes_fb798cb87cb323eaf4541834748d2989/node_modules/@nestjs/testing/testing-instance-loader.js:9:9)
      at TestingModuleBuilder.createInstancesOfDependencies (node_modules/.pnpm/@nestjs+testing@11.1.6_@nes_fb798cb87cb323eaf4541834748d2989/node_modules/@nestjs/testing/testing-module.builder.js:118:9)
      at TestingModuleBuilder.compile (node_modules/.pnpm/@nestjs+testing@11.1.6_@nes_fb798cb87cb323eaf4541834748d2989/node_modules/@nestjs/testing/testing-module.builder.js:74:9)
      at Object.<anonymous> (test/unit/transactions/transactions.controller.spec.ts:23:39)

Test Suites: 1 failed, 1 total
Tests:       6 failed, 6 total
Snapshots:   0 total
Time:        6.216 s
Ran all test suites matching test/unit/transactions/transactions.controller.spec.ts.
